
R version 4.5.1 (2025-06-13 ucrt) -- "Great Square Root"
Copyright (C) 2025 The R Foundation for Statistical Computing
Platform: x86_64-w64-mingw32/x64

R is free software and comes with ABSOLUTELY NO WARRANTY.
You are welcome to redistribute it under certain conditions.
Type 'license()' or 'licence()' for distribution details.

R is a collaborative project with many contributors.
Type 'contributors()' for more information and
'citation()' on how to cite R or R packages in publications.

Type 'demo()' for some demos, 'help()' for on-line help, or
'help.start()' for an HTML browser interface to help.
Type 'q()' to quit R.

> #  File tests/nolatent.R in package latentnet, part of the
> #  Statnet suite of packages for network analysis, https://statnet.org .
> #
> #  This software is distributed under the GPL-3 license.  It is free,
> #  open source, and has the attribution requirements (GPL Section 7) at
> #  https://statnet.org/attribution .
> #
> #  Copyright 2003-2024 Statnet Commons
> ################################################################################
> library(latentnet)
Loading required package: network

'network' 1.19.0 (2024-12-08), part of the Statnet Project
* 'news(package="network")' for changes since last version
* 'citation("network")' for citation information
* 'https://statnet.org' for help, support, and other information

Loading required package: ergm

'ergm' 4.9.0 (2025-06-09), part of the Statnet Project
* 'news(package="ergm")' for changes since last version
* 'citation("ergm")' for citation information
* 'https://statnet.org' for help, support, and other information

'ergm' 4 is a major update that introduces some backwards-incompatible
changes. Please type 'news(package="ergm")' for a list of major
changes.


'latentnet' 2.11.0 (2024-02-19), part of the Statnet Project
* 'news(package="latentnet")' for changes since last version
* 'citation("latentnet")' for citation information
* 'https://statnet.org' for help, support, and other information
NOTE: BIC calculation prior to latentnet 2.7.0 had a bug in the calculation of the effective number of parameters. See help(summary.ergmm) for details.
NOTE: Prior to version 2.8.0, handling of fixed effects for directed networks had a bug: the covariate matrix was transposed.
> library(statnet.common)

Attaching package: 'statnet.common'

The following objects are masked from 'package:base':

    attr, order, replace

> 
> data(sampson)
> 
> monks.nmr<-ergmm(samplike~nodematch("group")+rreceiver)
> mcmc.diagnostics(monks.nmr)
Chain 1 
Lag 0 
                   lpY      beta.1     beta.2 receiver.1
lpY         1.00000000 -0.08646431  0.1472028  0.3699562
beta.1     -0.08646431  1.00000000 -0.5335253 -0.4445573
beta.2      0.14720282 -0.53352529  1.0000000  0.2405083
receiver.1  0.36995616 -0.44455726  0.2405083  1.0000000

Lag 10 
                   lpY      beta.1     beta.2  receiver.1
lpY         0.12127299 -0.05169442  0.1039199  0.08306717
beta.1     -0.04254059  0.35836568 -0.1802144 -0.20912403
beta.2      0.08389101 -0.19225940  0.3667817  0.14826868
receiver.1  0.10081743 -0.21224873  0.1435349  0.22522378

[[1]]

Quantile (q) = 0.025
Accuracy (r) = +/- 0.0125
Probability (s) = 0.95 
                                                  
            Burn-in  Total Lower bound  Dependence
            (M)      (N)   (Nmin)       factor (I)
 lpY        20       6330  600          10.6      
 beta.1     50       10070 600          16.8      
 beta.2     40       8130  600          13.6      
 receiver.1 30       7320  600          12.2      


> 
> print(summary(monks.nmr))
NOTE: It is not certain whether it is appropriate to use latentnet's BIC to select latent space dimension, whether or not to include actor-specific random effects, and to compare clustered models with the unclustered model.

==========================
Summary of model fit
==========================

Formula:   samplike ~ nodematch("group") + rreceiver
Attribute: edges
Model:     Bernoulli 
MCMC sample of size 4000, draws are 10 iterations apart, after burnin of 10000 iterations.
Covariate coefficients posterior means:
                Estimate    2.5%   97.5% 2*min(Pr(>0),Pr(<0))    
(Intercept)      -2.2829 -2.9952 -1.6303            < 2.2e-16 ***
nodematch.group   3.0683  2.3945  3.8042            < 2.2e-16 ***
---
Signif. codes:  0 '***' 0.001 '**' 0.01 '*' 0.05 '.' 0.1 ' ' 1

Receiver effect variance: 1.014822.
Overall BIC:        289.2251 
Likelihood BIC:     245.5504 
Receiver effect BIC:     43.67475 

Covariate coefficients MKL:
                 Estimate
(Intercept)     -1.852666
nodematch.group  2.879658


> # Should produce a meaningful error message.
> print(try(plot(monks.nmr)))
Error in plot.ergmm(monks.nmr) : 
  Plotting non-latent-space models is not available.
[1] "Error in plot.ergmm(monks.nmr) : \n  Plotting non-latent-space models is not available.\n"
attr(,"class")
[1] "try-error"
attr(,"condition")
<simpleError in plot.ergmm(monks.nmr): Plotting non-latent-space models is not available.>
> 
> opttest({
+   
+ monks.dnmr<-ergmm(samplike~nodematch("group",diff=TRUE)+rreceiver)
+ mcmc.diagnostics(monks.dnmr)
+ print(summary(monks.dnmr))
+ 
+ monks.dnmr2<-ergmm(samplike~nodematch("group",diff=TRUE)+rreceiver,prior=monks.dnmr$prior)
+ if(!all.equal(monks.dnmr2$prior,monks.dnmr$prior)) stop("Prior specification problem!")
+ 
+ monks.nm<-ergmm(samplike~nodematch("group"))
+ mcmc.diagnostics(monks.nm)
+ print(summary(monks.nm))
+ 
+ monks.dnm<-ergmm(samplike~nodematch("group",diff=TRUE))
+ mcmc.diagnostics(monks.dnm)
+ print(summary(monks.dnm))
+ 
+ # tests importing of ergm terms with local variable as inputs
+ set.seed(1)
+ nw <- samplike
+ n <- network.size(samplike)
+ covar <- matrix(rbinom(n^2, 1, 0.2), nrow=n)
+ covar.nw <- network(covar)
+ test3 <- ergmm(nw ~ euclidean(d = 2) + edgecov(covar)) 
+ test4 <- ergmm(nw ~ euclidean(d = 2) + edgecov(covar.nw)) 
+ 
+ 
+ }, "Some non-latent-space")
Some non-latent-space test(s) skipped. Set ENABLE_statnet_TESTS environment variable to run.
> 
> proc.time()
   user  system elapsed 
  12.57    1.12   13.92 
